  retry 1 for https://en.wikipedia.org/w/api.php?action=query&prop=extracts&explaintext=1&redirects=1&format=json&titles=White-eyed%20parakeet: <urlopen error [WinError 10054] 현재 연결은 원격 호스트에 의해 강제로 끊겼습니다>
  retry 2 for https://en.wikipedia.org/w/api.php?action=query&prop=extracts&explaintext=1&redirects=1&format=json&titles=White-eyed%20parakeet: <urlopen error [Errno 11001] getaddrinfo failed>
  retry 3 for https://en.wikipedia.org/w/api.php?action=query&prop=extracts&explaintext=1&redirects=1&format=json&titles=White-eyed%20parakeet: HTTP Error 429: Too Many Requests
  retry 1 for https://en.wikipedia.org/w/api.php?action=query&prop=extracts&explaintext=1&redirects=1&format=json&titles=Psittacara%20leucophthalmus: HTTP Error 429: Too Many Requests
  retry 2 for https://en.wikipedia.org/w/api.php?action=query&prop=extracts&explaintext=1&redirects=1&format=json&titles=Psittacara%20leucophthalmus: HTTP Error 429: Too Many Requests
  retry 3 for https://en.wikipedia.org/w/api.php?action=query&prop=extracts&explaintext=1&redirects=1&format=json&titles=Psittacara%20leucophthalmus: HTTP Error 429: Too Many Requests
  retry 1 for https://en.wikipedia.org/w/api.php?action=query&prop=extracts&explaintext=1&redirects=1&format=json&titles=Orange-chinned%20parakeet: HTTP Error 429: Too Many Requests
  retry 1 for https://en.wikipedia.org/w/api.php?action=query&prop=extracts&explaintext=1&redirects=1&format=json&titles=Olive-throated%20parakeet: HTTP Error 429: Too Many Requests
  retry 2 for https://en.wikipedia.org/w/api.php?action=query&prop=extracts&explaintext=1&redirects=1&format=json&titles=Olive-throated%20parakeet: HTTP Error 429: Too Many Requests
  retry 3 for https://en.wikipedia.org/w/api.php?action=query&prop=extracts&explaintext=1&redirects=1&format=json&titles=Olive-throated%20parakeet: HTTP Error 429: Too Many Requests
  retry 1 for https://en.wikipedia.org/w/api.php?action=query&prop=extracts&explaintext=1&redirects=1&format=json&titles=Eupsittula%20nana: HTTP Error 429: Too Many Requests
  retry 2 for https://en.wikipedia.org/w/api.php?action=query&prop=extracts&explaintext=1&redirects=1&format=json&titles=Eupsittula%20nana: HTTP Error 429: Too Many Requests
  retry 3 for https://en.wikipedia.org/w/api.php?action=query&prop=extracts&explaintext=1&redirects=1&format=json&titles=Eupsittula%20nana: HTTP Error 429: Too Many Requests
  retry 1 for https://en.wikipedia.org/w/api.php?action=query&prop=extracts&explaintext=1&redirects=1&format=json&titles=Pale-headed%20rosella: HTTP Error 429: Too Many Requests
  retry 2 for https://en.wikipedia.org/w/api.php?action=query&prop=extracts&explaintext=1&redirects=1&format=json&titles=Pale-headed%20rosella: HTTP Error 429: Too Many Requests
  retry 3 for https://en.wikipedia.org/w/api.php?action=query&prop=extracts&explaintext=1&redirects=1&format=json&titles=Pale-headed%20rosella: HTTP Error 429: Too Many Requests
  retry 1 for https://en.wikipedia.org/w/api.php?action=query&prop=extracts&explaintext=1&redirects=1&format=json&titles=Platycercus%20adscitus: HTTP Error 429: Too Many Requests
  retry 2 for https://en.wikipedia.org/w/api.php?action=query&prop=extracts&explaintext=1&redirects=1&format=json&titles=Platycercus%20adscitus: HTTP Error 429: Too Many Requests
  retry 3 for https://en.wikipedia.org/w/api.php?action=query&prop=extracts&explaintext=1&redirects=1&format=json&titles=Platycercus%20adscitus: HTTP Error 429: Too Many Requests
  retry 1 for https://en.wikipedia.org/w/api.php?action=query&prop=extracts&explaintext=1&redirects=1&format=json&titles=Yellow-crowned%20amazon: HTTP Error 429: Too Many Requests
  retry 2 for https://en.wikipedia.org/w/api.php?action=query&prop=extracts&explaintext=1&redirects=1&format=json&titles=Yellow-crowned%20amazon: HTTP Error 429: Too Many Requests
  retry 3 for https://en.wikipedia.org/w/api.php?action=query&prop=extracts&explaintext=1&redirects=1&format=json&titles=Yellow-crowned%20amazon: HTTP Error 429: Too Many Requests
  retry 1 for https://en.wikipedia.org/w/api.php?action=query&prop=extracts&explaintext=1&redirects=1&format=json&titles=Amazona%20ochrocephala: HTTP Error 429: Too Many Requests
  retry 2 for https://en.wikipedia.org/w/api.php?action=query&prop=extracts&explaintext=1&redirects=1&format=json&titles=Amazona%20ochrocephala: HTTP Error 429: Too Many Requests
  retry 3 for https://en.wikipedia.org/w/api.php?action=query&prop=extracts&explaintext=1&redirects=1&format=json&titles=Amazona%20ochrocephala: HTTP Error 429: Too Many Requests
  retry 1 for https://en.wikipedia.org/w/api.php?action=query&prop=extracts&explaintext=1&redirects=1&format=json&titles=Orange-winged%20amazon: HTTP Error 429: Too Many Requests
  retry 2 for https://en.wikipedia.org/w/api.php?action=query&prop=extracts&explaintext=1&redirects=1&format=json&titles=Orange-winged%20amazon: HTTP Error 429: Too Many Requests
  retry 3 for https://en.wikipedia.org/w/api.php?action=query&prop=extracts&explaintext=1&redirects=1&format=json&titles=Orange-winged%20amazon: HTTP Error 429: Too Many Requests
  retry 1 for https://en.wikipedia.org/w/api.php?action=query&prop=extracts&explaintext=1&redirects=1&format=json&titles=Amazona%20amazonica: HTTP Error 429: Too Many Requests
  retry 1 for https://en.wikipedia.org/w/api.php?action=query&prop=extracts&explaintext=1&redirects=1&format=json&titles=Maroon-bellied%20parakeet: HTTP Error 429: Too Many Requests
  retry 2 for https://en.wikipedia.org/w/api.php?action=query&prop=extracts&explaintext=1&redirects=1&format=json&titles=Maroon-bellied%20parakeet: HTTP Error 429: Too Many Requests
  retry 3 for https://en.wikipedia.org/w/api.php?action=query&prop=extracts&explaintext=1&redirects=1&format=json&titles=Maroon-bellied%20parakeet: HTTP Error 429: Too Many Requests
  retry 1 for https://en.wikipedia.org/w/api.php?action=query&prop=extracts&explaintext=1&redirects=1&format=json&titles=Pyrrhura%20frontalis: HTTP Error 429: Too Many Requests
  retry 2 for https://en.wikipedia.org/w/api.php?action=query&prop=extracts&explaintext=1&redirects=1&format=json&titles=Pyrrhura%20frontalis: HTTP Error 429: Too Many Requests
  retry 3 for https://en.wikipedia.org/w/api.php?action=query&prop=extracts&explaintext=1&redirects=1&format=json&titles=Pyrrhura%20frontalis: HTTP Error 429: Too Many Requests
  retry 1 for https://en.wikipedia.org/w/api.php?action=query&prop=extracts&explaintext=1&redirects=1&format=json&titles=Spectacled%20parrotlet: HTTP Error 429: Too Many Requests
  retry 2 for https://en.wikipedia.org/w/api.php?action=query&prop=extracts&explaintext=1&redirects=1&format=json&titles=Spectacled%20parrotlet: HTTP Error 429: Too Many Requests
  retry 3 for https://en.wikipedia.org/w/api.php?action=query&prop=extracts&explaintext=1&redirects=1&format=json&titles=Spectacled%20parrotlet: HTTP Error 429: Too Many Requests
  retry 1 for https://en.wikipedia.org/w/api.php?action=query&prop=extracts&explaintext=1&redirects=1&format=json&titles=Forpus%20conspicillatus: HTTP Error 429: Too Many Requests
  retry 2 for https://en.wikipedia.org/w/api.php?action=query&prop=extracts&explaintext=1&redirects=1&format=json&titles=Forpus%20conspicillatus: HTTP Error 429: Too Many Requests
  retry 3 for https://en.wikipedia.org/w/api.php?action=query&prop=extracts&explaintext=1&redirects=1&format=json&titles=Forpus%20conspicillatus: HTTP Error 429: Too Many Requests
  retry 1 for https://en.wikipedia.org/w/api.php?action=query&prop=extracts&explaintext=1&redirects=1&format=json&titles=Red-winged%20parrot: HTTP Error 429: Too Many Requests
  retry 2 for https://en.wikipedia.org/w/api.php?action=query&prop=extracts&explaintext=1&redirects=1&format=json&titles=Red-winged%20parrot: HTTP Error 429: Too Many Requests
  retry 3 for https://en.wikipedia.org/w/api.php?action=query&prop=extracts&explaintext=1&redirects=1&format=json&titles=Red-winged%20parrot: HTTP Error 429: Too Many Requests
  retry 1 for https://en.wikipedia.org/w/api.php?action=query&prop=extracts&explaintext=1&redirects=1&format=json&titles=Aprosmictus%20erythropterus: HTTP Error 429: Too Many Requests
  retry 2 for https://en.wikipedia.org/w/api.php?action=query&prop=extracts&explaintext=1&redirects=1&format=json&titles=Aprosmictus%20erythropterus: HTTP Error 429: Too Many Requests
  retry 3 for https://en.wikipedia.org/w/api.php?action=query&prop=extracts&explaintext=1&redirects=1&format=json&titles=Aprosmictus%20erythropterus: HTTP Error 429: Too Many Requests
  retry 1 for https://en.wikipedia.org/w/api.php?action=query&prop=extracts&explaintext=1&redirects=1&format=json&titles=Red-crowned%20parakeet: HTTP Error 429: Too Many Requests
  retry 2 for https://en.wikipedia.org/w/api.php?action=query&prop=extracts&explaintext=1&redirects=1&format=json&titles=Red-crowned%20parakeet: HTTP Error 429: Too Many Requests
  retry 3 for https://en.wikipedia.org/w/api.php?action=query&prop=extracts&explaintext=1&redirects=1&format=json&titles=Red-crowned%20parakeet: HTTP Error 429: Too Many Requests
  retry 1 for https://en.wikipedia.org/w/api.php?action=query&prop=extracts&explaintext=1&redirects=1&format=json&titles=Cyanoramphus%20novaezelandiae: HTTP Error 429: Too Many Requests
  retry 1 for https://en.wikipedia.org/w/api.php?action=query&prop=extracts&explaintext=1&redirects=1&format=json&titles=Austral%20parakeet: HTTP Error 429: Too Many Requests
  retry 2 for https://en.wikipedia.org/w/api.php?action=query&prop=extracts&explaintext=1&redirects=1&format=json&titles=Austral%20parakeet: HTTP Error 429: Too Many Requests
  retry 3 for https://en.wikipedia.org/w/api.php?action=query&prop=extracts&explaintext=1&redirects=1&format=json&titles=Austral%20parakeet: HTTP Error 429: Too Many Requests
  retry 1 for https://en.wikipedia.org/w/api.php?action=query&prop=extracts&explaintext=1&redirects=1&format=json&titles=Enicognathus%20ferrugineus: HTTP Error 429: Too Many Requests
  retry 2 for https://en.wikipedia.org/w/api.php?action=query&prop=extracts&explaintext=1&redirects=1&format=json&titles=Enicognathus%20ferrugineus: HTTP Error 429: Too Many Requests
  retry 3 for https://en.wikipedia.org/w/api.php?action=query&prop=extracts&explaintext=1&redirects=1&format=json&titles=Enicognathus%20ferrugineus: HTTP Error 429: Too Many Requests
  retry 1 for https://en.wikipedia.org/w/api.php?action=query&prop=extracts&explaintext=1&redirects=1&format=json&titles=Red-capped%20parrot: HTTP Error 429: Too Many Requests
  retry 2 for https://en.wikipedia.org/w/api.php?action=query&prop=extracts&explaintext=1&redirects=1&format=json&titles=Red-capped%20parrot: HTTP Error 429: Too Many Requests
  retry 3 for https://en.wikipedia.org/w/api.php?action=query&prop=extracts&explaintext=1&redirects=1&format=json&titles=Red-capped%20parrot: HTTP Error 429: Too Many Requests
  retry 1 for https://en.wikipedia.org/w/api.php?action=query&prop=extracts&explaintext=1&redirects=1&format=json&titles=Purpureicephalus%20spurius: HTTP Error 429: Too Many Requests
  retry 2 for https://en.wikipedia.org/w/api.php?action=query&prop=extracts&explaintext=1&redirects=1&format=json&titles=Purpureicephalus%20spurius: HTTP Error 429: Too Many Requests
  retry 1 for https://en.wikipedia.org/w/api.php?action=query&prop=extracts&explaintext=1&redirects=1&format=json&titles=White-winged%20parakeet: HTTP Error 429: Too Many Requests
  retry 2 for https://en.wikipedia.org/w/api.php?action=query&prop=extracts&explaintext=1&redirects=1&format=json&titles=White-winged%20parakeet: HTTP Error 429: Too Many Requests
  retry 3 for https://en.wikipedia.org/w/api.php?action=query&prop=extracts&explaintext=1&redirects=1&format=json&titles=White-winged%20parakeet: HTTP Error 429: Too Many Requests
  retry 1 for https://en.wikipedia.org/w/api.php?action=query&prop=extracts&explaintext=1&redirects=1&format=json&titles=Brotogeris%20versicolurus: HTTP Error 429: Too Many Requests
  retry 2 for https://en.wikipedia.org/w/api.php?action=query&prop=extracts&explaintext=1&redirects=1&format=json&titles=Brotogeris%20versicolurus: HTTP Error 429: Too Many Requests
  retry 3 for https://en.wikipedia.org/w/api.php?action=query&prop=extracts&explaintext=1&redirects=1&format=json&titles=Brotogeris%20versicolurus: HTTP Error 429: Too Many Requests
  retry 1 for https://en.wikipedia.org/w/api.php?action=query&prop=extracts&explaintext=1&redirects=1&format=json&titles=Yellow-collared%20lovebird: HTTP Error 429: Too Many Requests
  retry 2 for https://en.wikipedia.org/w/api.php?action=query&prop=extracts&explaintext=1&redirects=1&format=json&titles=Yellow-collared%20lovebird: HTTP Error 429: Too Many Requests
  retry 3 for https://en.wikipedia.org/w/api.php?action=query&prop=extracts&explaintext=1&redirects=1&format=json&titles=Yellow-collared%20lovebird: HTTP Error 429: Too Many Requests
  retry 1 for https://en.wikipedia.org/w/api.php?action=query&prop=extracts&explaintext=1&redirects=1&format=json&titles=Agapornis%20personatus: HTTP Error 429: Too Many Requests
  retry 2 for https://en.wikipedia.org/w/api.php?action=query&prop=extracts&explaintext=1&redirects=1&format=json&titles=Agapornis%20personatus: HTTP Error 429: Too Many Requests
  retry 1 for https://en.wikipedia.org/w/api.php?action=query&prop=extracts&explaintext=1&redirects=1&format=json&titles=Papuan%20eclectus: HTTP Error 429: Too Many Requests
  retry 2 for https://en.wikipedia.org/w/api.php?action=query&prop=extracts&explaintext=1&redirects=1&format=json&titles=Papuan%20eclectus: HTTP Error 429: Too Many Requests
  retry 3 for https://en.wikipedia.org/w/api.php?action=query&prop=extracts&explaintext=1&redirects=1&format=json&titles=Papuan%20eclectus: HTTP Error 429: Too Many Requests
  retry 1 for https://en.wikipedia.org/w/api.php?action=query&prop=extracts&explaintext=1&redirects=1&format=json&titles=Eclectus%20polychloros: HTTP Error 429: Too Many Requests
  retry 2 for https://en.wikipedia.org/w/api.php?action=query&prop=extracts&explaintext=1&redirects=1&format=json&titles=Eclectus%20polychloros: HTTP Error 429: Too Many Requests
  retry 3 for https://en.wikipedia.org/w/api.php?action=query&prop=extracts&explaintext=1&redirects=1&format=json&titles=Eclectus%20polychloros: HTTP Error 429: Too Many Requests
  retry 1 for https://en.wikipedia.org/w/api.php?action=query&prop=extracts&explaintext=1&redirects=1&format=json&titles=Blue-winged%20parrot: HTTP Error 429: Too Many Requests
  retry 2 for https://en.wikipedia.org/w/api.php?action=query&prop=extracts&explaintext=1&redirects=1&format=json&titles=Blue-winged%20parrot: HTTP Error 429: Too Many Requests
  retry 3 for https://en.wikipedia.org/w/api.php?action=query&prop=extracts&explaintext=1&redirects=1&format=json&titles=Blue-winged%20parrot: HTTP Error 429: Too Many Requests
  retry 1 for https://en.wikipedia.org/w/api.php?action=query&prop=extracts&explaintext=1&redirects=1&format=json&titles=Neophema%20chrysostoma: HTTP Error 429: Too Many Requests
  retry 2 for https://en.wikipedia.org/w/api.php?action=query&prop=extracts&explaintext=1&redirects=1&format=json&titles=Neophema%20chrysostoma: HTTP Error 429: Too Many Requests
  retry 3 for https://en.wikipedia.org/w/api.php?action=query&prop=extracts&explaintext=1&redirects=1&format=json&titles=Neophema%20chrysostoma: HTTP Error 429: Too Many Requests
  retry 1 for https://en.wikipedia.org/w/api.php?action=query&prop=extracts&explaintext=1&redirects=1&format=json&titles=Jandaya%20parakeet: HTTP Error 429: Too Many Requests
  retry 2 for https://en.wikipedia.org/w/api.php?action=query&prop=extracts&explaintext=1&redirects=1&format=json&titles=Jandaya%20parakeet: HTTP Error 429: Too Many Requests
  retry 3 for https://en.wikipedia.org/w/api.php?action=query&prop=extracts&explaintext=1&redirects=1&format=json&titles=Jandaya%20parakeet: HTTP Error 429: Too Many Requests
  retry 1 for https://en.wikipedia.org/w/api.php?action=query&prop=extracts&explaintext=1&redirects=1&format=json&titles=Aratinga%20jandaya: HTTP Error 429: Too Many Requests
  retry 2 for https://en.wikipedia.org/w/api.php?action=query&prop=extracts&explaintext=1&redirects=1&format=json&titles=Aratinga%20jandaya: HTTP Error 429: Too Many Requests
  retry 3 for https://en.wikipedia.org/w/api.php?action=query&prop=extracts&explaintext=1&redirects=1&format=json&titles=Aratinga%20jandaya: HTTP Error 429: Too Many Requests
  retry 1 for https://en.wikipedia.org/w/api.php?action=query&prop=extracts&explaintext=1&redirects=1&format=json&titles=Grey-hooded%20parakeet: HTTP Error 429: Too Many Requests
  retry 2 for https://en.wikipedia.org/w/api.php?action=query&prop=extracts&explaintext=1&redirects=1&format=json&titles=Grey-hooded%20parakeet: HTTP Error 429: Too Many Requests
  retry 3 for https://en.wikipedia.org/w/api.php?action=query&prop=extracts&explaintext=1&redirects=1&format=json&titles=Grey-hooded%20parakeet: HTTP Error 429: Too Many Requests
  retry 1 for https://en.wikipedia.org/w/api.php?action=query&prop=extracts&explaintext=1&redirects=1&format=json&titles=Cuban%20amazon: HTTP Error 429: Too Many Requests
  retry 2 for https://en.wikipedia.org/w/api.php?action=query&prop=extracts&explaintext=1&redirects=1&format=json&titles=Cuban%20amazon: HTTP Error 429: Too Many Requests
  retry 3 for https://en.wikipedia.org/w/api.php?action=query&prop=extracts&explaintext=1&redirects=1&format=json&titles=Cuban%20amazon: HTTP Error 429: Too Many Requests
  retry 1 for https://en.wikipedia.org/w/api.php?action=query&prop=extracts&explaintext=1&redirects=1&format=json&titles=Amazona%20leucocephala: HTTP Error 429: Too Many Requests
  retry 2 for https://en.wikipedia.org/w/api.php?action=query&prop=extracts&explaintext=1&redirects=1&format=json&titles=Amazona%20leucocephala: HTTP Error 429: Too Many Requests
  retry 3 for https://en.wikipedia.org/w/api.php?action=query&prop=extracts&explaintext=1&redirects=1&format=json&titles=Amazona%20leucocephala: HTTP Error 429: Too Many Requests
  retry 1 for https://en.wikipedia.org/w/api.php?action=query&prop=extracts&explaintext=1&redirects=1&format=json&titles=Blue-winged%20parakeet: HTTP Error 429: Too Many Requests
  retry 2 for https://en.wikipedia.org/w/api.php?action=query&prop=extracts&explaintext=1&redirects=1&format=json&titles=Blue-winged%20parakeet: HTTP Error 429: Too Many Requests
  retry 3 for https://en.wikipedia.org/w/api.php?action=query&prop=extracts&explaintext=1&redirects=1&format=json&titles=Blue-winged%20parakeet: HTTP Error 429: Too Many Requests
  retry 1 for https://en.wikipedia.org/w/api.php?action=query&prop=extracts&explaintext=1&redirects=1&format=json&titles=Psittacula%20columboides: HTTP Error 429: Too Many Requests
  retry 2 for https://en.wikipedia.org/w/api.php?action=query&prop=extracts&explaintext=1&redirects=1&format=json&titles=Psittacula%20columboides: HTTP Error 429: Too Many Requests
  retry 1 for https://en.wikipedia.org/w/api.php?action=query&prop=extracts&explaintext=1&redirects=1&format=json&titles=Salmon-crested%20cockatoo: HTTP Error 429: Too Many Requests
  retry 2 for https://en.wikipedia.org/w/api.php?action=query&prop=extracts&explaintext=1&redirects=1&format=json&titles=Salmon-crested%20cockatoo: HTTP Error 429: Too Many Requests
  retry 3 for https://en.wikipedia.org/w/api.php?action=query&prop=extracts&explaintext=1&redirects=1&format=json&titles=Salmon-crested%20cockatoo: HTTP Error 429: Too Many Requests
  retry 1 for https://en.wikipedia.org/w/api.php?action=query&prop=extracts&explaintext=1&redirects=1&format=json&titles=Cacatua%20moluccensis: HTTP Error 429: Too Many Requests
  retry 2 for https://en.wikipedia.org/w/api.php?action=query&prop=extracts&explaintext=1&redirects=1&format=json&titles=Cacatua%20moluccensis: HTTP Error 429: Too Many Requests
  retry 3 for https://en.wikipedia.org/w/api.php?action=query&prop=extracts&explaintext=1&redirects=1&format=json&titles=Cacatua%20moluccensis: HTTP Error 429: Too Many Requests
  retry 1 for https://en.wikipedia.org/w/api.php?action=query&prop=extracts&explaintext=1&redirects=1&format=json&titles=Yucatan%20amazon: HTTP Error 429: Too Many Requests
  retry 2 for https://en.wikipedia.org/w/api.php?action=query&prop=extracts&explaintext=1&redirects=1&format=json&titles=Yucatan%20amazon: HTTP Error 429: Too Many Requests
  retry 3 for https://en.wikipedia.org/w/api.php?action=query&prop=extracts&explaintext=1&redirects=1&format=json&titles=Yucatan%20amazon: HTTP Error 429: Too Many Requests
  retry 1 for https://en.wikipedia.org/w/api.php?action=query&prop=extracts&explaintext=1&redirects=1&format=json&titles=Amazona%20xantholora: HTTP Error 429: Too Many Requests
  retry 2 for https://en.wikipedia.org/w/api.php?action=query&prop=extracts&explaintext=1&redirects=1&format=json&titles=Amazona%20xantholora: HTTP Error 429: Too Many Requests
  retry 3 for https://en.wikipedia.org/w/api.php?action=query&prop=extracts&explaintext=1&redirects=1&format=json&titles=Amazona%20xantholora: HTTP Error 429: Too Many Requests
  retry 1 for https://en.wikipedia.org/w/api.php?action=query&prop=extracts&explaintext=1&redirects=1&format=json&titles=Sulphur-winged%20parakeet: HTTP Error 429: Too Many Requests
  retry 2 for https://en.wikipedia.org/w/api.php?action=query&prop=extracts&explaintext=1&redirects=1&format=json&titles=Sulphur-winged%20parakeet: HTTP Error 429: Too Many Requests
  retry 3 for https://en.wikipedia.org/w/api.php?action=query&prop=extracts&explaintext=1&redirects=1&format=json&titles=Sulphur-winged%20parakeet: HTTP Error 429: Too Many Requests
  retry 1 for https://en.wikipedia.org/w/api.php?action=query&prop=extracts&explaintext=1&redirects=1&format=json&titles=Pyrrhura%20hoffmanni: HTTP Error 429: Too Many Requests
  retry 2 for https://en.wikipedia.org/w/api.php?action=query&prop=extracts&explaintext=1&redirects=1&format=json&titles=Pyrrhura%20hoffmanni: HTTP Error 429: Too Many Requests
  retry 3 for https://en.wikipedia.org/w/api.php?action=query&prop=extracts&explaintext=1&redirects=1&format=json&titles=Pyrrhura%20hoffmanni: HTTP Error 429: Too Many Requests
  retry 1 for https://en.wikipedia.org/w/api.php?action=query&prop=extracts&explaintext=1&redirects=1&format=json&titles=Grey-headed%20lovebird: HTTP Error 429: Too Many Requests
  retry 2 for https://en.wikipedia.org/w/api.php?action=query&prop=extracts&explaintext=1&redirects=1&format=json&titles=Grey-headed%20lovebird: HTTP Error 429: Too Many Requests
  retry 3 for https://en.wikipedia.org/w/api.php?action=query&prop=extracts&explaintext=1&redirects=1&format=json&titles=Grey-headed%20lovebird: HTTP Error 429: Too Many Requests
  retry 1 for https://en.wikipedia.org/w/api.php?action=query&prop=extracts&explaintext=1&redirects=1&format=json&titles=Agapornis%20canus: HTTP Error 429: Too Many Requests
  retry 1 for https://en.wikipedia.org/w/api.php?action=query&prop=extracts&explaintext=1&redirects=1&format=json&titles=Blossom-headed%20parakeet: HTTP Error 429: Too Many Requests
  retry 2 for https://en.wikipedia.org/w/api.php?action=query&prop=extracts&explaintext=1&redirects=1&format=json&titles=Blossom-headed%20parakeet: HTTP Error 429: Too Many Requests
  retry 3 for https://en.wikipedia.org/w/api.php?action=query&prop=extracts&explaintext=1&redirects=1&format=json&titles=Blossom-headed%20parakeet: HTTP Error 429: Too Many Requests
  retry 1 for https://en.wikipedia.org/w/api.php?action=query&prop=extracts&explaintext=1&redirects=1&format=json&titles=Psittacula%20roseata: HTTP Error 429: Too Many Requests
  retry 2 for https://en.wikipedia.org/w/api.php?action=query&prop=extracts&explaintext=1&redirects=1&format=json&titles=Psittacula%20roseata: HTTP Error 429: Too Many Requests
  retry 3 for https://en.wikipedia.org/w/api.php?action=query&prop=extracts&explaintext=1&redirects=1&format=json&titles=Psittacula%20roseata: HTTP Error 429: Too Many Requests
  retry 1 for https://en.wikipedia.org/w/api.php?action=query&prop=extracts&explaintext=1&redirects=1&format=json&titles=Black-capped%20lory: HTTP Error 429: Too Many Requests
  retry 2 for https://en.wikipedia.org/w/api.php?action=query&prop=extracts&explaintext=1&redirects=1&format=json&titles=Black-capped%20lory: HTTP Error 429: Too Many Requests
  retry 3 for https://en.wikipedia.org/w/api.php?action=query&prop=extracts&explaintext=1&redirects=1&format=json&titles=Black-capped%20lory: HTTP Error 429: Too Many Requests
  retry 1 for https://en.wikipedia.org/w/api.php?action=query&prop=extracts&explaintext=1&redirects=1&format=json&titles=Lorius%20lory: HTTP Error 429: Too Many Requests
  retry 2 for https://en.wikipedia.org/w/api.php?action=query&prop=extracts&explaintext=1&redirects=1&format=json&titles=Lorius%20lory: HTTP Error 429: Too Many Requests
  retry 3 for https://en.wikipedia.org/w/api.php?action=query&prop=extracts&explaintext=1&redirects=1&format=json&titles=Lorius%20lory: HTTP Error 429: Too Many Requests
  retry 1 for https://en.wikipedia.org/w/api.php?action=query&prop=extracts&explaintext=1&redirects=1&format=json&titles=Yellow-eared%20parrot: HTTP Error 429: Too Many Requests
  retry 2 for https://en.wikipedia.org/w/api.php?action=query&prop=extracts&explaintext=1&redirects=1&format=json&titles=Yellow-eared%20parrot: HTTP Error 429: Too Many Requests
  retry 3 for https://en.wikipedia.org/w/api.php?action=query&prop=extracts&explaintext=1&redirects=1&format=json&titles=Yellow-eared%20parrot: HTTP Error 429: Too Many Requests
  retry 1 for https://en.wikipedia.org/w/api.php?action=query&prop=extracts&explaintext=1&redirects=1&format=json&titles=Ognorhynchus%20icterotis: HTTP Error 429: Too Many Requests
  retry 2 for https://en.wikipedia.org/w/api.php?action=query&prop=extracts&explaintext=1&redirects=1&format=json&titles=Ognorhynchus%20icterotis: HTTP Error 429: Too Many Requests
  retry 3 for https://en.wikipedia.org/w/api.php?action=query&prop=extracts&explaintext=1&redirects=1&format=json&titles=Ognorhynchus%20icterotis: HTTP Error 429: Too Many Requests
  retry 1 for https://en.wikipedia.org/w/api.php?action=query&prop=extracts&explaintext=1&redirects=1&format=json&titles=Short-tailed%20parrot: HTTP Error 429: Too Many Requests
  retry 2 for https://en.wikipedia.org/w/api.php?action=query&prop=extracts&explaintext=1&redirects=1&format=json&titles=Short-tailed%20parrot: HTTP Error 429: Too Many Requests
  retry 3 for https://en.wikipedia.org/w/api.php?action=query&prop=extracts&explaintext=1&redirects=1&format=json&titles=Short-tailed%20parrot: HTTP Error 429: Too Many Requests
  retry 1 for https://en.wikipedia.org/w/api.php?action=query&prop=extracts&explaintext=1&redirects=1&format=json&titles=Graydidascalus%20brachyurus: HTTP Error 429: Too Many Requests
  retry 1 for https://en.wikipedia.org/w/api.php?action=query&prop=extracts&explaintext=1&redirects=1&format=json&titles=Speckle-faced%20parrot: HTTP Error 429: Too Many Requests
  retry 2 for https://en.wikipedia.org/w/api.php?action=query&prop=extracts&explaintext=1&redirects=1&format=json&titles=Speckle-faced%20parrot: HTTP Error 429: Too Many Requests
  retry 3 for https://en.wikipedia.org/w/api.php?action=query&prop=extracts&explaintext=1&redirects=1&format=json&titles=Speckle-faced%20parrot: HTTP Error 429: Too Many Requests
  retry 1 for https://en.wikipedia.org/w/api.php?action=query&prop=extracts&explaintext=1&redirects=1&format=json&titles=Pionus%20tumultuosus: HTTP Error 429: Too Many Requests
  retry 2 for https://en.wikipedia.org/w/api.php?action=query&prop=extracts&explaintext=1&redirects=1&format=json&titles=Pionus%20tumultuosus: HTTP Error 429: Too Many Requests
  retry 3 for https://en.wikipedia.org/w/api.php?action=query&prop=extracts&explaintext=1&redirects=1&format=json&titles=Pionus%20tumultuosus: HTTP Error 429: Too Many Requests
  retry 1 for https://en.wikipedia.org/w/api.php?action=query&prop=extracts&explaintext=1&redirects=1&format=json&titles=Western%20corella: HTTP Error 429: Too Many Requests
  retry 2 for https://en.wikipedia.org/w/api.php?action=query&prop=extracts&explaintext=1&redirects=1&format=json&titles=Western%20corella: HTTP Error 429: Too Many Requests
  retry 3 for https://en.wikipedia.org/w/api.php?action=query&prop=extracts&explaintext=1&redirects=1&format=json&titles=Western%20corella: HTTP Error 429: Too Many Requests
  retry 1 for https://en.wikipedia.org/w/api.php?action=query&prop=extracts&explaintext=1&redirects=1&format=json&titles=Cacatua%20pastinator: HTTP Error 429: Too Many Requests
  retry 2 for https://en.wikipedia.org/w/api.php?action=query&prop=extracts&explaintext=1&redirects=1&format=json&titles=Cacatua%20pastinator: HTTP Error 429: Too Many Requests
  retry 1 for https://en.wikipedia.org/w/api.php?action=query&prop=extracts&explaintext=1&redirects=1&format=json&titles=Eclectus%20parrot: HTTP Error 429: Too Many Requests
  retry 2 for https://en.wikipedia.org/w/api.php?action=query&prop=extracts&explaintext=1&redirects=1&format=json&titles=Eclectus%20parrot: HTTP Error 429: Too Many Requests
  retry 3 for https://en.wikipedia.org/w/api.php?action=query&prop=extracts&explaintext=1&redirects=1&format=json&titles=Eclectus%20parrot: HTTP Error 429: Too Many Requests
  retry 1 for https://en.wikipedia.org/w/api.php?action=query&prop=extracts&explaintext=1&redirects=1&format=json&titles=Eclectus%20roratus: HTTP Error 429: Too Many Requests
  retry 2 for https://en.wikipedia.org/w/api.php?action=query&prop=extracts&explaintext=1&redirects=1&format=json&titles=Eclectus%20roratus: HTTP Error 429: Too Many Requests
  retry 3 for https://en.wikipedia.org/w/api.php?action=query&prop=extracts&explaintext=1&redirects=1&format=json&titles=Eclectus%20roratus: HTTP Error 429: Too Many Requests
  retry 1 for https://en.wikipedia.org/w/api.php?action=query&prop=extracts&explaintext=1&redirects=1&format=json&titles=Blue-rumped%20parrot: HTTP Error 429: Too Many Requests
  retry 2 for https://en.wikipedia.org/w/api.php?action=query&prop=extracts&explaintext=1&redirects=1&format=json&titles=Blue-rumped%20parrot: HTTP Error 429: Too Many Requests
  retry 3 for https://en.wikipedia.org/w/api.php?action=query&prop=extracts&explaintext=1&redirects=1&format=json&titles=Blue-rumped%20parrot: HTTP Error 429: Too Many Requests
  retry 1 for https://en.wikipedia.org/w/api.php?action=query&prop=extracts&explaintext=1&redirects=1&format=json&titles=Psittinus%20cyanurus: HTTP Error 429: Too Many Requests
  retry 2 for https://en.wikipedia.org/w/api.php?action=query&prop=extracts&explaintext=1&redirects=1&format=json&titles=Psittinus%20cyanurus: HTTP Error 429: Too Many Requests
  retry 1 for https://en.wikipedia.org/w/api.php?action=query&prop=extracts&explaintext=1&redirects=1&format=json&titles=Ochre-marked%20parakeet: HTTP Error 429: Too Many Requests
  retry 2 for https://en.wikipedia.org/w/api.php?action=query&prop=extracts&explaintext=1&redirects=1&format=json&titles=Ochre-marked%20parakeet: HTTP Error 429: Too Many Requests
  retry 3 for https://en.wikipedia.org/w/api.php?action=query&prop=extracts&explaintext=1&redirects=1&format=json&titles=Ochre-marked%20parakeet: HTTP Error 429: Too Many Requests
  retry 1 for https://en.wikipedia.org/w/api.php?action=query&prop=extracts&explaintext=1&redirects=1&format=json&titles=Pyrrhura%20cruentata: HTTP Error 429: Too Many Requests
  retry 2 for https://en.wikipedia.org/w/api.php?action=query&prop=extracts&explaintext=1&redirects=1&format=json&titles=Pyrrhura%20cruentata: HTTP Error 429: Too Many Requests
  retry 3 for https://en.wikipedia.org/w/api.php?action=query&prop=extracts&explaintext=1&redirects=1&format=json&titles=Pyrrhura%20cruentata: HTTP Error 429: Too Many Requests
  retry 1 for https://en.wikipedia.org/w/api.php?action=query&prop=extracts&explaintext=1&redirects=1&format=json&titles=Lear%27s%20macaw: HTTP Error 429: Too Many Requests
  retry 2 for https://en.wikipedia.org/w/api.php?action=query&prop=extracts&explaintext=1&redirects=1&format=json&titles=Lear%27s%20macaw: HTTP Error 429: Too Many Requests
  retry 3 for https://en.wikipedia.org/w/api.php?action=query&prop=extracts&explaintext=1&redirects=1&format=json&titles=Lear%27s%20macaw: HTTP Error 429: Too Many Requests
  retry 1 for https://en.wikipedia.org/w/api.php?action=query&prop=extracts&explaintext=1&redirects=1&format=json&titles=Anodorhynchus%20leari: HTTP Error 429: Too Many Requests
  retry 2 for https://en.wikipedia.org/w/api.php?action=query&prop=extracts&explaintext=1&redirects=1&format=json&titles=Anodorhynchus%20leari: HTTP Error 429: Too Many Requests
  retry 1 for https://en.wikipedia.org/w/api.php?action=query&prop=extracts&explaintext=1&redirects=1&format=json&titles=Masked%20shining%20parrot: HTTP Error 429: Too Many Requests
  retry 2 for https://en.wikipedia.org/w/api.php?action=query&prop=extracts&explaintext=1&redirects=1&format=json&titles=Masked%20shining%20parrot: HTTP Error 429: Too Many Requests
  retry 3 for https://en.wikipedia.org/w/api.php?action=query&prop=extracts&explaintext=1&redirects=1&format=json&titles=Masked%20shining%20parrot: HTTP Error 429: Too Many Requests
  retry 1 for https://en.wikipedia.org/w/api.php?action=query&prop=extracts&explaintext=1&redirects=1&format=json&titles=Prosopeia%20personata: HTTP Error 429: Too Many Requests
  retry 2 for https://en.wikipedia.org/w/api.php?action=query&prop=extracts&explaintext=1&redirects=1&format=json&titles=Prosopeia%20personata: HTTP Error 429: Too Many Requests
  retry 3 for https://en.wikipedia.org/w/api.php?action=query&prop=extracts&explaintext=1&redirects=1&format=json&titles=Prosopeia%20personata: HTTP Error 429: Too Many Requests
  retry 1 for https://en.wikipedia.org/w/api.php?action=query&prop=extracts&explaintext=1&redirects=1&format=json&titles=Red-spectacled%20amazon: HTTP Error 429: Too Many Requests
  retry 2 for https://en.wikipedia.org/w/api.php?action=query&prop=extracts&explaintext=1&redirects=1&format=json&titles=Red-spectacled%20amazon: HTTP Error 429: Too Many Requests
  retry 3 for https://en.wikipedia.org/w/api.php?action=query&prop=extracts&explaintext=1&redirects=1&format=json&titles=Red-spectacled%20amazon: HTTP Error 429: Too Many Requests
  retry 1 for https://en.wikipedia.org/w/api.php?action=query&prop=extracts&explaintext=1&redirects=1&format=json&titles=Amazona%20pretrei: HTTP Error 429: Too Many Requests
  retry 2 for https://en.wikipedia.org/w/api.php?action=query&prop=extracts&explaintext=1&redirects=1&format=json&titles=Amazona%20pretrei: HTTP Error 429: Too Many Requests
  retry 3 for https://en.wikipedia.org/w/api.php?action=query&prop=extracts&explaintext=1&redirects=1&format=json&titles=Amazona%20pretrei: HTTP Error 429: Too Many Requests
  retry 1 for https://en.wikipedia.org/w/api.php?action=query&prop=extracts&explaintext=1&redirects=1&format=json&titles=Maroon%20shining%20parrot: HTTP Error 429: Too Many Requests
  retry 2 for https://en.wikipedia.org/w/api.php?action=query&prop=extracts&explaintext=1&redirects=1&format=json&titles=Maroon%20shining%20parrot: HTTP Error 429: Too Many Requests
  retry 3 for https://en.wikipedia.org/w/api.php?action=query&prop=extracts&explaintext=1&redirects=1&format=json&titles=Maroon%20shining%20parrot: HTTP Error 429: Too Many Requests
  retry 1 for https://en.wikipedia.org/w/api.php?action=query&prop=extracts&explaintext=1&redirects=1&format=json&titles=Prosopeia%20tabuensis: HTTP Error 429: Too Many Requests
  retry 2 for https://en.wikipedia.org/w/api.php?action=query&prop=extracts&explaintext=1&redirects=1&format=json&titles=Prosopeia%20tabuensis: HTTP Error 429: Too Many Requests
  retry 3 for https://en.wikipedia.org/w/api.php?action=query&prop=extracts&explaintext=1&redirects=1&format=json&titles=Prosopeia%20tabuensis: HTTP Error 429: Too Many Requests
  retry 1 for https://en.wikipedia.org/w/api.php?action=query&prop=extracts&explaintext=1&redirects=1&format=json&titles=Horned%20parakeet: HTTP Error 429: Too Many Requests
  retry 2 for https://en.wikipedia.org/w/api.php?action=query&prop=extracts&explaintext=1&redirects=1&format=json&titles=Horned%20parakeet: HTTP Error 429: Too Many Requests
  retry 3 for https://en.wikipedia.org/w/api.php?action=query&prop=extracts&explaintext=1&redirects=1&format=json&titles=Horned%20parakeet: HTTP Error 429: Too Many Requests
  retry 1 for https://en.wikipedia.org/w/api.php?action=query&prop=extracts&explaintext=1&redirects=1&format=json&titles=Eunymphicus%20cornutus: HTTP Error 429: Too Many Requests
  retry 2 for https://en.wikipedia.org/w/api.php?action=query&prop=extracts&explaintext=1&redirects=1&format=json&titles=Eunymphicus%20cornutus: HTTP Error 429: Too Many Requests
  retry 1 for https://en.wikipedia.org/w/api.php?action=query&prop=extracts&explaintext=1&redirects=1&format=json&titles=Cuban%20parakeet: HTTP Error 429: Too Many Requests
  retry 2 for https://en.wikipedia.org/w/api.php?action=query&prop=extracts&explaintext=1&redirects=1&format=json&titles=Cuban%20parakeet: HTTP Error 429: Too Many Requests
  retry 3 for https://en.wikipedia.org/w/api.php?action=query&prop=extracts&explaintext=1&redirects=1&format=json&titles=Cuban%20parakeet: HTTP Error 429: Too Many Requests
  retry 1 for https://en.wikipedia.org/w/api.php?action=query&prop=extracts&explaintext=1&redirects=1&format=json&titles=Psittacara%20euops: HTTP Error 429: Too Many Requests
  retry 2 for https://en.wikipedia.org/w/api.php?action=query&prop=extracts&explaintext=1&redirects=1&format=json&titles=Psittacara%20euops: HTTP Error 429: Too Many Requests
  retry 3 for https://en.wikipedia.org/w/api.php?action=query&prop=extracts&explaintext=1&redirects=1&format=json&titles=Psittacara%20euops: HTTP Error 429: Too Many Requests
  retry 1 for https://en.wikipedia.org/w/api.php?action=query&prop=extracts&explaintext=1&redirects=1&format=json&titles=Saint%20Lucia%20amazon: HTTP Error 429: Too Many Requests
  retry 2 for https://en.wikipedia.org/w/api.php?action=query&prop=extracts&explaintext=1&redirects=1&format=json&titles=Saint%20Lucia%20amazon: HTTP Error 429: Too Many Requests
  retry 3 for https://en.wikipedia.org/w/api.php?action=query&prop=extracts&explaintext=1&redirects=1&format=json&titles=Saint%20Lucia%20amazon: HTTP Error 429: Too Many Requests
  retry 1 for https://en.wikipedia.org/w/api.php?action=query&prop=extracts&explaintext=1&redirects=1&format=json&titles=Amazona%20versicolor: HTTP Error 429: Too Many Requests
  retry 2 for https://en.wikipedia.org/w/api.php?action=query&prop=extracts&explaintext=1&redirects=1&format=json&titles=Amazona%20versicolor: HTTP Error 429: Too Many Requests
  retry 1 for https://en.wikipedia.org/w/api.php?action=query&prop=extracts&explaintext=1&redirects=1&format=json&titles=New%20Caledonian%20parakeet: HTTP Error 429: Too Many Requests
  retry 2 for https://en.wikipedia.org/w/api.php?action=query&prop=extracts&explaintext=1&redirects=1&format=json&titles=New%20Caledonian%20parakeet: HTTP Error 429: Too Many Requests
  retry 3 for https://en.wikipedia.org/w/api.php?action=query&prop=extracts&explaintext=1&redirects=1&format=json&titles=New%20Caledonian%20parakeet: HTTP Error 429: Too Many Requests
  retry 1 for https://en.wikipedia.org/w/api.php?action=query&prop=extracts&explaintext=1&redirects=1&format=json&titles=Cyanoramphus%20saisseti: HTTP Error 429: Too Many Requests
  retry 2 for https://en.wikipedia.org/w/api.php?action=query&prop=extracts&explaintext=1&redirects=1&format=json&titles=Cyanoramphus%20saisseti: HTTP Error 429: Too Many Requests
  retry 3 for https://en.wikipedia.org/w/api.php?action=query&prop=extracts&explaintext=1&redirects=1&format=json&titles=Cyanoramphus%20saisseti: HTTP Error 429: Too Many Requests
  retry 1 for https://en.wikipedia.org/w/api.php?action=query&prop=extracts&explaintext=1&redirects=1&format=json&titles=Brehm%27s%20tiger%20parrot: HTTP Error 429: Too Many Requests
  retry 2 for https://en.wikipedia.org/w/api.php?action=query&prop=extracts&explaintext=1&redirects=1&format=json&titles=Brehm%27s%20tiger%20parrot: HTTP Error 429: Too Many Requests
  retry 3 for https://en.wikipedia.org/w/api.php?action=query&prop=extracts&explaintext=1&redirects=1&format=json&titles=Brehm%27s%20tiger%20parrot: HTTP Error 429: Too Many Requests
  retry 1 for https://en.wikipedia.org/w/api.php?action=query&prop=extracts&explaintext=1&redirects=1&format=json&titles=Psittacella%20brehmii: HTTP Error 429: Too Many Requests
  retry 2 for https://en.wikipedia.org/w/api.php?action=query&prop=extracts&explaintext=1&redirects=1&format=json&titles=Psittacella%20brehmii: HTTP Error 429: Too Many Requests
  retry 1 for https://en.wikipedia.org/w/api.php?action=query&prop=extracts&explaintext=1&redirects=1&format=json&titles=Bonaparte%27s%20parakeet: HTTP Error 429: Too Many Requests
  retry 2 for https://en.wikipedia.org/w/api.php?action=query&prop=extracts&explaintext=1&redirects=1&format=json&titles=Bonaparte%27s%20parakeet: HTTP Error 429: Too Many Requests
  retry 3 for https://en.wikipedia.org/w/api.php?action=query&prop=extracts&explaintext=1&redirects=1&format=json&titles=Bonaparte%27s%20parakeet: HTTP Error 429: Too Many Requests
  retry 1 for https://en.wikipedia.org/w/api.php?action=query&prop=extracts&explaintext=1&redirects=1&format=json&titles=Pyrrhura%20lucianii: HTTP Error 429: Too Many Requests
  retry 2 for https://en.wikipedia.org/w/api.php?action=query&prop=extracts&explaintext=1&redirects=1&format=json&titles=Pyrrhura%20lucianii: HTTP Error 429: Too Many Requests
  retry 3 for https://en.wikipedia.org/w/api.php?action=query&prop=extracts&explaintext=1&redirects=1&format=json&titles=Pyrrhura%20lucianii: HTTP Error 429: Too Many Requests
  retry 1 for https://en.wikipedia.org/w/api.php?action=query&prop=extracts&explaintext=1&redirects=1&format=json&titles=Scarlet-shouldered%20parrotlet: HTTP Error 429: Too Many Requests
  retry 2 for https://en.wikipedia.org/w/api.php?action=query&prop=extracts&explaintext=1&redirects=1&format=json&titles=Scarlet-shouldered%20parrotlet: HTTP Error 429: Too Many Requests
  retry 3 for https://en.wikipedia.org/w/api.php?action=query&prop=extracts&explaintext=1&redirects=1&format=json&titles=Scarlet-shouldered%20parrotlet: HTTP Error 429: Too Many Requests
  retry 1 for https://en.wikipedia.org/w/api.php?action=query&prop=extracts&explaintext=1&redirects=1&format=json&titles=Touit%20huetii: HTTP Error 429: Too Many Requests
  retry 2 for https://en.wikipedia.org/w/api.php?action=query&prop=extracts&explaintext=1&redirects=1&format=json&titles=Touit%20huetii: HTTP Error 429: Too Many Requests
  retry 1 for https://en.wikipedia.org/w/api.php?action=query&prop=extracts&explaintext=1&redirects=1&format=json&titles=Black-cheeked%20lovebird: HTTP Error 429: Too Many Requests
  retry 2 for https://en.wikipedia.org/w/api.php?action=query&prop=extracts&explaintext=1&redirects=1&format=json&titles=Black-cheeked%20lovebird: HTTP Error 429: Too Many Requests
  retry 3 for https://en.wikipedia.org/w/api.php?action=query&prop=extracts&explaintext=1&redirects=1&format=json&titles=Black-cheeked%20lovebird: HTTP Error 429: Too Many Requests
  retry 1 for https://en.wikipedia.org/w/api.php?action=query&prop=extracts&explaintext=1&redirects=1&format=json&titles=Agapornis%20nigrigenis: HTTP Error 429: Too Many Requests
  retry 2 for https://en.wikipedia.org/w/api.php?action=query&prop=extracts&explaintext=1&redirects=1&format=json&titles=Agapornis%20nigrigenis: HTTP Error 429: Too Many Requests
  retry 3 for https://en.wikipedia.org/w/api.php?action=query&prop=extracts&explaintext=1&redirects=1&format=json&titles=Agapornis%20nigrigenis: HTTP Error 429: Too Many Requests
  retry 1 for https://en.wikipedia.org/w/api.php?action=query&prop=extracts&explaintext=1&redirects=1&format=json&titles=Brown-backed%20parrotlet: HTTP Error 429: Too Many Requests
  retry 2 for https://en.wikipedia.org/w/api.php?action=query&prop=extracts&explaintext=1&redirects=1&format=json&titles=Brown-backed%20parrotlet: HTTP Error 429: Too Many Requests
  retry 3 for https://en.wikipedia.org/w/api.php?action=query&prop=extracts&explaintext=1&redirects=1&format=json&titles=Brown-backed%20parrotlet: HTTP Error 429: Too Many Requests
  retry 1 for https://en.wikipedia.org/w/api.php?action=query&prop=extracts&explaintext=1&redirects=1&format=json&titles=Touit%20melanonotus: HTTP Error 429: Too Many Requests
  retry 2 for https://en.wikipedia.org/w/api.php?action=query&prop=extracts&explaintext=1&redirects=1&format=json&titles=Touit%20melanonotus: HTTP Error 429: Too Many Requests
  retry 1 for https://en.wikipedia.org/w/api.php?action=query&prop=extracts&explaintext=1&redirects=1&format=json&titles=Rusty-faced%20parrot: HTTP Error 429: Too Many Requests
  retry 2 for https://en.wikipedia.org/w/api.php?action=query&prop=extracts&explaintext=1&redirects=1&format=json&titles=Rusty-faced%20parrot: HTTP Error 429: Too Many Requests
  retry 3 for https://en.wikipedia.org/w/api.php?action=query&prop=extracts&explaintext=1&redirects=1&format=json&titles=Rusty-faced%20parrot: HTTP Error 429: Too Many Requests
  retry 1 for https://en.wikipedia.org/w/api.php?action=query&prop=extracts&explaintext=1&redirects=1&format=json&titles=Hapalopsittaca%20amazonina: HTTP Error 429: Too Many Requests
  retry 2 for https://en.wikipedia.org/w/api.php?action=query&prop=extracts&explaintext=1&redirects=1&format=json&titles=Hapalopsittaca%20amazonina: HTTP Error 429: Too Many Requests
  retry 3 for https://en.wikipedia.org/w/api.php?action=query&prop=extracts&explaintext=1&redirects=1&format=json&titles=Hapalopsittaca%20amazonina: HTTP Error 429: Too Many Requests
  retry 1 for https://en.wikipedia.org/w/api.php?action=query&prop=extracts&explaintext=1&redirects=1&format=json&titles=Stella%27s%20lorikeet: HTTP Error 429: Too Many Requests
  retry 2 for https://en.wikipedia.org/w/api.php?action=query&prop=extracts&explaintext=1&redirects=1&format=json&titles=Stella%27s%20lorikeet: HTTP Error 429: Too Many Requests
  retry 3 for https://en.wikipedia.org/w/api.php?action=query&prop=extracts&explaintext=1&redirects=1&format=json&titles=Stella%27s%20lorikeet: HTTP Error 429: Too Many Requests
  retry 1 for https://en.wikipedia.org/w/api.php?action=query&prop=extracts&explaintext=1&redirects=1&format=json&titles=Venezuelan%20parakeet: HTTP Error 429: Too Many Requests
  retry 2 for https://en.wikipedia.org/w/api.php?action=query&prop=extracts&explaintext=1&redirects=1&format=json&titles=Venezuelan%20parakeet: HTTP Error 429: Too Many Requests
  retry 3 for https://en.wikipedia.org/w/api.php?action=query&prop=extracts&explaintext=1&redirects=1&format=json&titles=Venezuelan%20parakeet: HTTP Error 429: Too Many Requests
  retry 1 for https://en.wikipedia.org/w/api.php?action=query&prop=extracts&explaintext=1&redirects=1&format=json&titles=Pyrrhura%20emma: HTTP Error 429: Too Many Requests
  retry 2 for https://en.wikipedia.org/w/api.php?action=query&prop=extracts&explaintext=1&redirects=1&format=json&titles=Pyrrhura%20emma: HTTP Error 429: Too Many Requests
  retry 3 for https://en.wikipedia.org/w/api.php?action=query&prop=extracts&explaintext=1&redirects=1&format=json&titles=Pyrrhura%20emma: HTTP Error 429: Too Many Requests
  retry 1 for https://en.wikipedia.org/w/api.php?action=query&prop=extracts&explaintext=1&redirects=1&format=json&titles=Blue-eyed%20cockatoo: HTTP Error 429: Too Many Requests
  retry 2 for https://en.wikipedia.org/w/api.php?action=query&prop=extracts&explaintext=1&redirects=1&format=json&titles=Blue-eyed%20cockatoo: HTTP Error 429: Too Many Requests
  retry 3 for https://en.wikipedia.org/w/api.php?action=query&prop=extracts&explaintext=1&redirects=1&format=json&titles=Blue-eyed%20cockatoo: HTTP Error 429: Too Many Requests
  retry 1 for https://en.wikipedia.org/w/api.php?action=query&prop=extracts&explaintext=1&redirects=1&format=json&titles=Cacatua%20ophthalmica: HTTP Error 429: Too Many Requests
  retry 2 for https://en.wikipedia.org/w/api.php?action=query&prop=extracts&explaintext=1&redirects=1&format=json&titles=Cacatua%20ophthalmica: HTTP Error 429: Too Many Requests
  retry 3 for https://en.wikipedia.org/w/api.php?action=query&prop=extracts&explaintext=1&redirects=1&format=json&titles=Cacatua%20ophthalmica: HTTP Error 429: Too Many Requests
  retry 1 for https://en.wikipedia.org/w/api.php?action=query&prop=extracts&explaintext=1&redirects=1&format=json&titles=Purple-naped%20lory: HTTP Error 429: Too Many Requests
  retry 2 for https://en.wikipedia.org/w/api.php?action=query&prop=extracts&explaintext=1&redirects=1&format=json&titles=Purple-naped%20lory: HTTP Error 429: Too Many Requests
  retry 3 for https://en.wikipedia.org/w/api.php?action=query&prop=extracts&explaintext=1&redirects=1&format=json&titles=Purple-naped%20lory: HTTP Error 429: Too Many Requests
  retry 1 for https://en.wikipedia.org/w/api.php?action=query&prop=extracts&explaintext=1&redirects=1&format=json&titles=Lorius%20domicella: HTTP Error 429: Too Many Requests
  retry 2 for https://en.wikipedia.org/w/api.php?action=query&prop=extracts&explaintext=1&redirects=1&format=json&titles=Lorius%20domicella: HTTP Error 429: Too Many Requests
  retry 3 for https://en.wikipedia.org/w/api.php?action=query&prop=extracts&explaintext=1&redirects=1&format=json&titles=Lorius%20domicella: HTTP Error 429: Too Many Requests
  retry 1 for https://en.wikipedia.org/w/api.php?action=query&prop=extracts&explaintext=1&redirects=1&format=json&titles=Blue-crowned%20lorikeet: HTTP Error 429: Too Many Requests
  retry 2 for https://en.wikipedia.org/w/api.php?action=query&prop=extracts&explaintext=1&redirects=1&format=json&titles=Blue-crowned%20lorikeet: HTTP Error 429: Too Many Requests
  retry 3 for https://en.wikipedia.org/w/api.php?action=query&prop=extracts&explaintext=1&redirects=1&format=json&titles=Blue-crowned%20lorikeet: HTTP Error 429: Too Many Requests
  retry 1 for https://en.wikipedia.org/w/api.php?action=query&prop=extracts&explaintext=1&redirects=1&format=json&titles=Vini%20australis: HTTP Error 429: Too Many Requests
  retry 2 for https://en.wikipedia.org/w/api.php?action=query&prop=extracts&explaintext=1&redirects=1&format=json&titles=Vini%20australis: HTTP Error 429: Too Many Requests
  retry 1 for https://en.wikipedia.org/w/api.php?action=query&prop=extracts&explaintext=1&redirects=1&format=json&titles=Papuan%20king%20parrot: HTTP Error 429: Too Many Requests
  retry 2 for https://en.wikipedia.org/w/api.php?action=query&prop=extracts&explaintext=1&redirects=1&format=json&titles=Papuan%20king%20parrot: HTTP Error 429: Too Many Requests
  retry 3 for https://en.wikipedia.org/w/api.php?action=query&prop=extracts&explaintext=1&redirects=1&format=json&titles=Papuan%20king%20parrot: HTTP Error 429: Too Many Requests
  retry 1 for https://en.wikipedia.org/w/api.php?action=query&prop=extracts&explaintext=1&redirects=1&format=json&titles=Alisterus%20chloropterus: HTTP Error 429: Too Many Requests
  retry 2 for https://en.wikipedia.org/w/api.php?action=query&prop=extracts&explaintext=1&redirects=1&format=json&titles=Alisterus%20chloropterus: HTTP Error 429: Too Many Requests
  retry 3 for https://en.wikipedia.org/w/api.php?action=query&prop=extracts&explaintext=1&redirects=1&format=json&titles=Alisterus%20chloropterus: HTTP Error 429: Too Many Requests
  retry 1 for https://en.wikipedia.org/w/api.php?action=query&prop=extracts&explaintext=1&redirects=1&format=json&titles=Reischek%27s%20parakeet: HTTP Error 429: Too Many Requests
  retry 2 for https://en.wikipedia.org/w/api.php?action=query&prop=extracts&explaintext=1&redirects=1&format=json&titles=Reischek%27s%20parakeet: HTTP Error 429: Too Many Requests
  retry 3 for https://en.wikipedia.org/w/api.php?action=query&prop=extracts&explaintext=1&redirects=1&format=json&titles=Reischek%27s%20parakeet: HTTP Error 429: Too Many Requests
  retry 1 for https://en.wikipedia.org/w/api.php?action=query&prop=extracts&explaintext=1&redirects=1&format=json&titles=Cyanoramphus%20hochstetteri: HTTP Error 429: Too Many Requests
  retry 2 for https://en.wikipedia.org/w/api.php?action=query&prop=extracts&explaintext=1&redirects=1&format=json&titles=Cyanoramphus%20hochstetteri: HTTP Error 429: Too Many Requests
  retry 1 for https://en.wikipedia.org/w/api.php?action=query&prop=extracts&explaintext=1&redirects=1&format=json&titles=Goldie%27s%20lorikeet: HTTP Error 429: Too Many Requests
  retry 2 for https://en.wikipedia.org/w/api.php?action=query&prop=extracts&explaintext=1&redirects=1&format=json&titles=Goldie%27s%20lorikeet: HTTP Error 429: Too Many Requests
  retry 3 for https://en.wikipedia.org/w/api.php?action=query&prop=extracts&explaintext=1&redirects=1&format=json&titles=Goldie%27s%20lorikeet: HTTP Error 429: Too Many Requests
  retry 1 for https://en.wikipedia.org/w/api.php?action=query&prop=extracts&explaintext=1&redirects=1&format=json&titles=Glossoptilus%20goldiei: HTTP Error 429: Too Many Requests
  retry 2 for https://en.wikipedia.org/w/api.php?action=query&prop=extracts&explaintext=1&redirects=1&format=json&titles=Glossoptilus%20goldiei: HTTP Error 429: Too Many Requests
  retry 3 for https://en.wikipedia.org/w/api.php?action=query&prop=extracts&explaintext=1&redirects=1&format=json&titles=Glossoptilus%20goldiei: HTTP Error 429: Too Many Requests
  retry 1 for https://en.wikipedia.org/w/api.php?action=query&prop=extracts&explaintext=1&redirects=1&format=json&titles=Naretha%20bluebonnet: HTTP Error 429: Too Many Requests
  retry 2 for https://en.wikipedia.org/w/api.php?action=query&prop=extracts&explaintext=1&redirects=1&format=json&titles=Naretha%20bluebonnet: HTTP Error 429: Too Many Requests
  retry 3 for https://en.wikipedia.org/w/api.php?action=query&prop=extracts&explaintext=1&redirects=1&format=json&titles=Naretha%20bluebonnet: HTTP Error 429: Too Many Requests
  retry 1 for https://en.wikipedia.org/w/api.php?action=query&prop=extracts&explaintext=1&redirects=1&format=json&titles=Northiella%20narethae: HTTP Error 429: Too Many Requests
  retry 2 for https://en.wikipedia.org/w/api.php?action=query&prop=extracts&explaintext=1&redirects=1&format=json&titles=Northiella%20narethae: HTTP Error 429: Too Many Requests
  retry 1 for https://en.wikipedia.org/w/api.php?action=query&prop=extracts&explaintext=1&redirects=1&format=json&titles=Blue-fronted%20fig%20parrot: HTTP Error 429: Too Many Requests
  retry 2 for https://en.wikipedia.org/w/api.php?action=query&prop=extracts&explaintext=1&redirects=1&format=json&titles=Blue-fronted%20fig%20parrot: HTTP Error 429: Too Many Requests
  retry 3 for https://en.wikipedia.org/w/api.php?action=query&prop=extracts&explaintext=1&redirects=1&format=json&titles=Blue-fronted%20fig%20parrot: HTTP Error 429: Too Many Requests
  retry 1 for https://en.wikipedia.org/w/api.php?action=query&prop=extracts&explaintext=1&redirects=1&format=json&titles=Nannopsittacus%20gulielmitertii: HTTP Error 429: Too Many Requests
  retry 2 for https://en.wikipedia.org/w/api.php?action=query&prop=extracts&explaintext=1&redirects=1&format=json&titles=Nannopsittacus%20gulielmitertii: HTTP Error 429: Too Many Requests
  retry 3 for https://en.wikipedia.org/w/api.php?action=query&prop=extracts&explaintext=1&redirects=1&format=json&titles=Nannopsittacus%20gulielmitertii: HTTP Error 429: Too Many Requests
  retry 1 for https://en.wikipedia.org/w/api.php?action=query&prop=extracts&explaintext=1&redirects=1&format=json&titles=Ouvea%20parakeet: HTTP Error 429: Too Many Requests
  retry 2 for https://en.wikipedia.org/w/api.php?action=query&prop=extracts&explaintext=1&redirects=1&format=json&titles=Ouvea%20parakeet: HTTP Error 429: Too Many Requests
  retry 3 for https://en.wikipedia.org/w/api.php?action=query&prop=extracts&explaintext=1&redirects=1&format=json&titles=Ouvea%20parakeet: HTTP Error 429: Too Many Requests
  retry 1 for https://en.wikipedia.org/w/api.php?action=query&prop=extracts&explaintext=1&redirects=1&format=json&titles=Eunymphicus%20uvaeensis: HTTP Error 429: Too Many Requests
  retry 2 for https://en.wikipedia.org/w/api.php?action=query&prop=extracts&explaintext=1&redirects=1&format=json&titles=Eunymphicus%20uvaeensis: HTTP Error 429: Too Many Requests
  retry 1 for https://en.wikipedia.org/w/api.php?action=query&prop=extracts&explaintext=1&redirects=1&format=json&titles=Finsch%27s%20pygmy%20parrot: HTTP Error 429: Too Many Requests
  retry 2 for https://en.wikipedia.org/w/api.php?action=query&prop=extracts&explaintext=1&redirects=1&format=json&titles=Finsch%27s%20pygmy%20parrot: HTTP Error 429: Too Many Requests
  retry 3 for https://en.wikipedia.org/w/api.php?action=query&prop=extracts&explaintext=1&redirects=1&format=json&titles=Finsch%27s%20pygmy%20parrot: HTTP Error 429: Too Many Requests
  retry 1 for https://en.wikipedia.org/w/api.php?action=query&prop=extracts&explaintext=1&redirects=1&format=json&titles=Micropsitta%20finschii: HTTP Error 429: Too Many Requests
  retry 2 for https://en.wikipedia.org/w/api.php?action=query&prop=extracts&explaintext=1&redirects=1&format=json&titles=Micropsitta%20finschii: HTTP Error 429: Too Many Requests
  retry 3 for https://en.wikipedia.org/w/api.php?action=query&prop=extracts&explaintext=1&redirects=1&format=json&titles=Micropsitta%20finschii: HTTP Error 429: Too Many Requests
