  retry 1 for https://en.wikipedia.org/w/api.php?action=query&prop=extracts&explaintext=1&redirects=1&format=json&titles=Blue-winged%20parrot: HTTP Error 429: Too Many Requests
  retry 2 for https://en.wikipedia.org/w/api.php?action=query&prop=extracts&explaintext=1&redirects=1&format=json&titles=Blue-winged%20parrot: HTTP Error 429: Too Many Requests
  retry 3 for https://en.wikipedia.org/w/api.php?action=query&prop=extracts&explaintext=1&redirects=1&format=json&titles=Blue-winged%20parrot: HTTP Error 429: Too Many Requests
  retry 1 for https://en.wikipedia.org/w/api.php?action=query&prop=extracts&explaintext=1&redirects=1&format=json&titles=Eclectus%20parrot: HTTP Error 429: Too Many Requests
  retry 2 for https://en.wikipedia.org/w/api.php?action=query&prop=extracts&explaintext=1&redirects=1&format=json&titles=Eclectus%20parrot: HTTP Error 429: Too Many Requests
  retry 3 for https://en.wikipedia.org/w/api.php?action=query&prop=extracts&explaintext=1&redirects=1&format=json&titles=Eclectus%20parrot: HTTP Error 429: Too Many Requests
  retry 1 for https://en.wikipedia.org/w/api.php?action=query&prop=extracts&explaintext=1&redirects=1&format=json&titles=Eclectus%20roratus: HTTP Error 429: Too Many Requests
  retry 2 for https://en.wikipedia.org/w/api.php?action=query&prop=extracts&explaintext=1&redirects=1&format=json&titles=Eclectus%20roratus: HTTP Error 429: Too Many Requests
  retry 3 for https://en.wikipedia.org/w/api.php?action=query&prop=extracts&explaintext=1&redirects=1&format=json&titles=Eclectus%20roratus: HTTP Error 429: Too Many Requests
  retry 1 for https://en.wikipedia.org/w/api.php?action=query&prop=extracts&explaintext=1&redirects=1&format=json&titles=Ochre-marked%20parakeet: HTTP Error 429: Too Many Requests
  retry 2 for https://en.wikipedia.org/w/api.php?action=query&prop=extracts&explaintext=1&redirects=1&format=json&titles=Ochre-marked%20parakeet: HTTP Error 429: Too Many Requests
  retry 3 for https://en.wikipedia.org/w/api.php?action=query&prop=extracts&explaintext=1&redirects=1&format=json&titles=Ochre-marked%20parakeet: HTTP Error 429: Too Many Requests
  retry 1 for https://en.wikipedia.org/w/api.php?action=query&prop=extracts&explaintext=1&redirects=1&format=json&titles=Pyrrhura%20cruentata: HTTP Error 429: Too Many Requests
  retry 2 for https://en.wikipedia.org/w/api.php?action=query&prop=extracts&explaintext=1&redirects=1&format=json&titles=Pyrrhura%20cruentata: HTTP Error 429: Too Many Requests
  retry 1 for https://en.wikipedia.org/w/api.php?action=query&prop=extracts&explaintext=1&redirects=1&format=json&titles=Blue-eyed%20cockatoo: HTTP Error 429: Too Many Requests
  retry 2 for https://en.wikipedia.org/w/api.php?action=query&prop=extracts&explaintext=1&redirects=1&format=json&titles=Blue-eyed%20cockatoo: HTTP Error 429: Too Many Requests
  retry 3 for https://en.wikipedia.org/w/api.php?action=query&prop=extracts&explaintext=1&redirects=1&format=json&titles=Blue-eyed%20cockatoo: HTTP Error 429: Too Many Requests
  retry 1 for https://en.wikipedia.org/w/api.php?action=query&prop=extracts&explaintext=1&redirects=1&format=json&titles=Cacatua%20ophthalmica: HTTP Error 429: Too Many Requests
  retry 2 for https://en.wikipedia.org/w/api.php?action=query&prop=extracts&explaintext=1&redirects=1&format=json&titles=Cacatua%20ophthalmica: HTTP Error 429: Too Many Requests
  retry 3 for https://en.wikipedia.org/w/api.php?action=query&prop=extracts&explaintext=1&redirects=1&format=json&titles=Cacatua%20ophthalmica: HTTP Error 429: Too Many Requests
  retry 1 for https://en.wikipedia.org/w/api.php?action=query&prop=extracts&explaintext=1&redirects=1&format=json&titles=Purple-naped%20lory: HTTP Error 429: Too Many Requests
  retry 2 for https://en.wikipedia.org/w/api.php?action=query&prop=extracts&explaintext=1&redirects=1&format=json&titles=Purple-naped%20lory: HTTP Error 429: Too Many Requests
